[2025-10-09T12:55:59.124+0000] {local_task_job_runner.py:120} INFO - ::group::Pre task execution logs
[2025-10-09T12:55:59.245+0000] {taskinstance.py:2076} INFO - Dependencies all met for dep_context=non-requeueable deps ti=<TaskInstance: restaurant_analytics.check_spark_streaming manual__2025-10-09T12:50:21.917490+00:00 [queued]>
[2025-10-09T12:55:59.302+0000] {taskinstance.py:2076} INFO - Dependencies all met for dep_context=requeueable deps ti=<TaskInstance: restaurant_analytics.check_spark_streaming manual__2025-10-09T12:50:21.917490+00:00 [queued]>
[2025-10-09T12:55:59.304+0000] {taskinstance.py:2306} INFO - Starting attempt 2 of 2
[2025-10-09T12:55:59.381+0000] {taskinstance.py:2330} INFO - Executing <Task(PythonOperator): check_spark_streaming> on 2025-10-09 12:50:21.917490+00:00
[2025-10-09T12:55:59.411+0000] {warnings.py:112} WARNING - /home/***/.local/lib/python3.12/site-packages/***/task/task_runner/standard_task_runner.py:62: DeprecationWarning: This process (pid=1479) is multi-threaded, use of fork() may lead to deadlocks in the child.
  pid = os.fork()

[2025-10-09T12:55:59.415+0000] {standard_task_runner.py:64} INFO - Started process 1488 to run task
[2025-10-09T12:55:59.415+0000] {standard_task_runner.py:90} INFO - Running: ['***', 'tasks', 'run', 'restaurant_analytics', 'check_spark_streaming', 'manual__2025-10-09T12:50:21.917490+00:00', '--job-id', '257', '--raw', '--subdir', 'DAGS_FOLDER/restaurant_dag.py', '--cfg-path', '/tmp/tmp8hx1ubbo']
[2025-10-09T12:55:59.424+0000] {standard_task_runner.py:91} INFO - Job 257: Subtask check_spark_streaming
[2025-10-09T12:55:59.580+0000] {task_command.py:426} INFO - Running <TaskInstance: restaurant_analytics.check_spark_streaming manual__2025-10-09T12:50:21.917490+00:00 [running]> on host dd5baa7fba45
[2025-10-09T12:55:59.867+0000] {taskinstance.py:2648} INFO - Exporting env vars: AIRFLOW_CTX_DAG_EMAIL='quantruong1918@gmail.com' AIRFLOW_CTX_DAG_OWNER='***' AIRFLOW_CTX_DAG_ID='restaurant_analytics' AIRFLOW_CTX_TASK_ID='check_spark_streaming' AIRFLOW_CTX_EXECUTION_DATE='2025-10-09T12:50:21.917490+00:00' AIRFLOW_CTX_TRY_NUMBER='2' AIRFLOW_CTX_DAG_RUN_ID='manual__2025-10-09T12:50:21.917490+00:00'
[2025-10-09T12:55:59.877+0000] {taskinstance.py:430} INFO - ::endgroup::
[2025-10-09T12:55:59.938+0000] {taskinstance.py:441} INFO - ::group::Post task execution logs
[2025-10-09T12:55:59.942+0000] {taskinstance.py:2905} ERROR - Task failed with exception
Traceback (most recent call last):
  File "/opt/airflow/dags/restaurant_dag.py", line 40, in check_streaming_status
    raise Exception("❌ Spark streaming service is NOT running!")
Exception: ❌ Spark streaming service is NOT running!

During handling of the above exception, another exception occurred:

Traceback (most recent call last):
  File "/home/airflow/.local/lib/python3.12/site-packages/airflow/models/taskinstance.py", line 465, in _execute_task
    result = _execute_callable(context=context, **execute_callable_kwargs)
             ^^^^^^^^^^^^^^^^^^^^^^^^^^^^^^^^^^^^^^^^^^^^^^^^^^^^^^^^^^^^^
  File "/home/airflow/.local/lib/python3.12/site-packages/airflow/models/taskinstance.py", line 432, in _execute_callable
    return execute_callable(context=context, **execute_callable_kwargs)
           ^^^^^^^^^^^^^^^^^^^^^^^^^^^^^^^^^^^^^^^^^^^^^^^^^^^^^^^^^^^^
  File "/home/airflow/.local/lib/python3.12/site-packages/airflow/models/baseoperator.py", line 401, in wrapper
    return func(self, *args, **kwargs)
           ^^^^^^^^^^^^^^^^^^^^^^^^^^^
  File "/home/airflow/.local/lib/python3.12/site-packages/airflow/operators/python.py", line 235, in execute
    return_value = self.execute_callable()
                   ^^^^^^^^^^^^^^^^^^^^^^^
  File "/home/airflow/.local/lib/python3.12/site-packages/airflow/operators/python.py", line 252, in execute_callable
    return self.python_callable(*self.op_args, **self.op_kwargs)
           ^^^^^^^^^^^^^^^^^^^^^^^^^^^^^^^^^^^^^^^^^^^^^^^^^^^^^
  File "/opt/airflow/dags/restaurant_dag.py", line 42, in check_streaming_status
    raise Exception(f"Failed to check Spark service: {e}")
Exception: Failed to check Spark service: ❌ Spark streaming service is NOT running!
[2025-10-09T12:55:59.986+0000] {taskinstance.py:1206} INFO - Marking task as FAILED. dag_id=restaurant_analytics, task_id=check_spark_streaming, run_id=manual__2025-10-09T12:50:21.917490+00:00, execution_date=20251009T125021, start_date=20251009T125559, end_date=20251009T125559
[2025-10-09T12:56:00.053+0000] {standard_task_runner.py:110} ERROR - Failed to execute job 257 for task check_spark_streaming (Failed to check Spark service: ❌ Spark streaming service is NOT running!; 1488)
[2025-10-09T12:56:00.125+0000] {local_task_job_runner.py:243} INFO - Task exited with return code 1
[2025-10-09T12:56:00.202+0000] {taskinstance.py:3503} INFO - 0 downstream tasks scheduled from follow-on schedule check
[2025-10-09T12:56:00.216+0000] {local_task_job_runner.py:222} INFO - ::endgroup::
